** Drc report for r2.kicad_pcb **
** Created on 2026-10-08T10:33:10 **
** Report includes: Errors, Warnings, Exclusions **

** Found 121 DRC violations **
[hole_clearance]: Hole clearance violation (board setup constraints hole clearance 0.3300 mm; actual 0.3112 mm)
    Rule: board setup constraints hole; error
    @(94.2000 mm, 99.5500 mm): Track [Net-(RN3-R2.2)] on B.Cu, length 3.8891 mm
    @(95.9198 mm, 97.0365 mm): Via [BUS_OE_N] on F.Cu - B.Cu
[hole_clearance]: Hole clearance violation (board setup constraints hole clearance 0.3300 mm; actual 0.2548 mm)
    Rule: board setup constraints hole; error
    @(134.1600 mm, 46.8500 mm): Pad A1 [GND] of J4 on F.Cu
    @(133.7000 mm, 45.7850 mm): NPTH pad of J4
[hole_clearance]: Hole clearance violation (board setup constraints hole clearance 0.3300 mm; actual 0.1651 mm)
    Rule: board setup constraints hole; error
    @(133.8600 mm, 46.8500 mm): Pad B12 [GND] of J4 on F.Cu
    @(133.7000 mm, 45.7850 mm): NPTH pad of J4
[hole_clearance]: Hole clearance violation (board setup constraints hole clearance 0.3300 mm; actual 0.2005 mm)
    Rule: board setup constraints hole; error
    @(133.3600 mm, 46.8500 mm): Pad A4 [Net-(D4-A)] of J4 on F.Cu
    @(133.7000 mm, 45.7850 mm): NPTH pad of J4
[hole_clearance]: Hole clearance violation (board setup constraints hole clearance 0.3300 mm; actual 0.2005 mm)
    Rule: board setup constraints hole; error
    @(128.2600 mm, 46.8500 mm): Pad A9 [Net-(D4-A)] of J4 on F.Cu
    @(127.9200 mm, 45.7850 mm): NPTH pad of J4
[hole_clearance]: Hole clearance violation (board setup constraints hole clearance 0.3300 mm; actual 0.2548 mm)
    Rule: board setup constraints hole; error
    @(127.4600 mm, 46.8500 mm): Pad A12 [GND] of J4 on F.Cu
    @(127.9200 mm, 45.7850 mm): NPTH pad of J4
[hole_clearance]: Hole clearance violation (board setup constraints hole clearance 0.3300 mm; actual 0.1651 mm)
    Rule: board setup constraints hole; error
    @(127.7600 mm, 46.8500 mm): Pad B1 [GND] of J4 on F.Cu
    @(127.9200 mm, 45.7850 mm): NPTH pad of J4
[courtyards_overlap]: Courtyards overlap
    Rule: board setup constraints courtyard; error
    @(117.8560 mm, 42.1640 mm): Footprint J2
    @(116.1480 mm, 45.7820 mm): Footprint C8
[footprint_type_mismatch]: Footprint component type doesn't match footprint pads (expected 'Through hole'; actual 'SMD')
    Local override; error
    @(130.8100 mm, 43.1800 mm): Footprint J4
[track_width]: Track width (board setup constraints min width 0.2000 mm; actual 0.1918 mm)
    Rule: netclass 'Default'; error
    @(112.1000 mm, 80.0920 mm): Track [/485_TX] on F.Cu, length 0.0123 mm
[starved_thermal]: Thermal relief connection to zone incomplete (layer F.Cu; zone min spoke count 2; actual 1)
    Local override; error
    @(75.0000 mm, 39.0000 mm): Zone [GND] on F.Cu and B.Cu, priority 0
    @(134.1600 mm, 46.8500 mm): Pad A1 [GND] of J4 on F.Cu
[starved_thermal]: Thermal relief connection to zone incomplete (layer F.Cu; zone min spoke count 2; actual 1)
    Local override; error
    @(75.0000 mm, 39.0000 mm): Zone [GND] on F.Cu and B.Cu, priority 0
    @(127.7600 mm, 46.8500 mm): Pad B1 [GND] of J4 on F.Cu
[starved_thermal]: Thermal relief connection to zone incomplete (layer F.Cu; zone min spoke count 2; actual 1)
    Local override; error
    @(75.0000 mm, 39.0000 mm): Zone [GND] on F.Cu and B.Cu, priority 0
    @(133.8600 mm, 46.8500 mm): Pad B12 [GND] of J4 on F.Cu
[starved_thermal]: Thermal relief connection to zone incomplete (layer F.Cu; zone min spoke count 2; actual 1)
    Local override; error
    @(75.0000 mm, 39.0000 mm): Zone [GND] on F.Cu and B.Cu, priority 0
    @(130.5560 mm, 100.7055 mm): Pad 2 [GND] of U4 on F.Cu
[starved_thermal]: Thermal relief connection to zone incomplete (layer F.Cu; zone min spoke count 2; actual 1)
    Local override; error
    @(75.0000 mm, 39.0000 mm): Zone [GND] on F.Cu and B.Cu, priority 0
    @(129.4770 mm, 103.8860 mm): Pad 2 [GND] of R14 on F.Cu
[starved_thermal]: Thermal relief connection to zone incomplete (layer F.Cu; zone min spoke count 2; actual 1)
    Local override; error
    @(75.0000 mm, 39.0000 mm): Zone [GND] on F.Cu and B.Cu, priority 0
    @(118.1100 mm, 89.8880 mm): Pad 2 [GND] of C14 on F.Cu
[starved_thermal]: Thermal relief connection to zone incomplete (layer F.Cu; zone min spoke count 2; actual 1)
    Local override; error
    @(75.0000 mm, 39.0000 mm): Zone [GND] on F.Cu and B.Cu, priority 0
    @(137.0385 mm, 59.1160 mm): Pad 3 [GND] of U5 on F.Cu
[starved_thermal]: Thermal relief connection to zone incomplete (layer F.Cu; zone min spoke count 2; actual 1)
    Local override; error
    @(75.0000 mm, 39.0000 mm): Zone [GND] on F.Cu and B.Cu, priority 0
    @(117.0940 mm, 63.7260 mm): Pad 2 [GND] of C3 on F.Cu
[starved_thermal]: Thermal relief connection to zone incomplete (layer F.Cu; zone min spoke count 2; actual 1)
    Local override; error
    @(75.0000 mm, 39.0000 mm): Zone [GND] on F.Cu and B.Cu, priority 0
    @(107.4420 mm, 60.6430 mm): Pad 1 [GND] of R8 on F.Cu
[starved_thermal]: Thermal relief connection to zone incomplete (layer F.Cu; zone min spoke count 2; actual 1)
    Local override; error
    @(75.0000 mm, 39.0000 mm): Zone [GND] on F.Cu and B.Cu, priority 0
    @(132.2330 mm, 57.3205 mm): Pad 2 [GND] of U6 on F.Cu
[starved_thermal]: Thermal relief connection to zone incomplete (layer F.Cu; zone min spoke count 2; actual 1)
    Local override; error
    @(75.0000 mm, 39.0000 mm): Zone [GND] on F.Cu and B.Cu, priority 0
    @(115.6680 mm, 45.7820 mm): Pad 2 [GND] of C8 on F.Cu
[starved_thermal]: Thermal relief connection to zone incomplete (layer F.Cu; zone min spoke count 2; actual 1)
    Local override; error
    @(75.0000 mm, 39.0000 mm): Zone [GND] on F.Cu and B.Cu, priority 0
    @(109.7150 mm, 59.6900 mm): Pad 2 [GND] of C2 on F.Cu
[via_dangling]: Via is not connected or connected on only one layer
    Local override; warning
    @(126.3000 mm, 81.8000 mm): Via [Net-(U3-GPIO25)] on F.Cu - B.Cu
[lib_footprint_issues]: The current configuration does not include the footprint library 'Connector_USB'
    Local override; warning
    @(130.8100 mm, 43.1800 mm): Footprint J4
[lib_footprint_issues]: The current configuration does not include the footprint library 'Resistor_SMD'
    Local override; warning
    @(117.5780 mm, 75.4070 mm): Footprint R10
[lib_footprint_issues]: The current configuration does not include the footprint library 'Capacitor_SMD'
    Local override; warning
    @(120.6260 mm, 76.0420 mm): Footprint C21
[lib_footprint_issues]: The current configuration does not include the footprint library 'Capacitor_SMD'
    Local override; warning
    @(139.1920 mm, 55.8800 mm): Footprint C24
[lib_footprint_issues]: The current configuration does not include the footprint library 'Resistor_SMD'
    Local override; warning
    @(127.7620 mm, 50.0380 mm): Footprint R25
[lib_footprint_issues]: The current configuration does not include the footprint library 'Capacitor_SMD'
    Local override; warning
    @(126.1810 mm, 49.0220 mm): Footprint C22
[lib_footprint_issues]: The current configuration does not include the footprint library 'Capacitor_SMD'
    Local override; warning
    @(122.4040 mm, 78.5900 mm): Footprint C17
[lib_footprint_issues]: The current configuration does not include the footprint library 'Resistor_SMD'
    Local override; warning
    @(93.6000 mm, 86.0000 mm): Footprint R28
[lib_footprint_issues]: The current configuration does not include the footprint library 'Package_TO_SOT_SMD'
    Local override; warning
    @(104.3000 mm, 100.8000 mm): Footprint Q1
[lib_footprint_issues]: The current configuration does not include the footprint library 'Capacitor_SMD'
    Local override; warning
    @(116.5860 mm, 70.1040 mm): Footprint C4
[lib_footprint_issues]: The current configuration does not include the footprint library 'TestPoint'
    Local override; warning
    @(90.5000 mm, 102.5000 mm): Footprint TP4
[lib_footprint_issues]: The current configuration does not include the footprint library 'Resistor_SMD'
    Local override; warning
    @(118.5940 mm, 75.4070 mm): Footprint R11
[lib_footprint_issues]: The current configuration does not include the footprint library 'Package_TO_SOT_SMD'
    Local override; warning
    @(130.5560 mm, 99.5680 mm): Footprint U4
[lib_footprint_issues]: The current configuration does not include the footprint library 'Resistor_SMD'
    Local override; warning
    @(130.3020 mm, 103.8860 mm): Footprint R14
[lib_footprint_issues]: The current configuration does not include the footprint library 'Connector_PinHeader_2.54mm'
    Local override; warning
    @(113.1000 mm, 52.6400 mm): Footprint JP1
[lib_footprint_issues]: The current configuration does not include the footprint library 'LED_SMD'
    Local override; warning
    @(130.0480 mm, 76.2000 mm): Footprint D3
[lib_footprint_issues]: The current configuration does not include the footprint library 'TestPoint'
    Local override; warning
    @(94.0000 mm, 102.5000 mm): Footprint TP5
[lib_footprint_issues]: The current configuration does not include the footprint library 'Connector_JST'
    Local override; warning
    @(117.8560 mm, 42.1640 mm): Footprint J2
[lib_footprint_issues]: The current configuration does not include the footprint library 'Package_SO'
    Local override; warning
    @(98.5000 mm, 76.0000 mm): Footprint U7
[lib_footprint_issues]: The current configuration does not include the footprint library 'Capacitor_SMD'
    Local override; warning
    @(112.4980 mm, 89.8880 mm): Footprint C6
[lib_footprint_issues]: The current configuration does not include the footprint library 'Capacitor_SMD'
    Local override; warning
    @(93.2000 mm, 79.4000 mm): Footprint C30
[lib_footprint_issues]: The current configuration does not include the footprint library 'Capacitor_SMD'
    Local override; warning
    @(129.7940 mm, 97.0280 mm): Footprint C11
[lib_footprint_issues]: The current configuration does not include the footprint library 'Connector_IDC'
    Local override; warning
    @(80.5000 mm, 68.0000 mm): Footprint J9
[lib_footprint_issues]: The current configuration does not include the footprint library 'Capacitor_SMD'
    Local override; warning
    @(112.5220 mm, 77.9780 mm): Footprint C12
[lib_footprint_issues]: The current configuration does not include the footprint library 'Resistor_SMD'
    Local override; warning
    @(104.3000 mm, 103.4000 mm): Footprint R30
[lib_footprint_issues]: The current configuration does not include the footprint library 'Diode_SMD'
    Local override; warning
    @(108.8440 mm, 54.6720 mm): Footprint D1
[lib_footprint_issues]: The current configuration does not include the footprint library 'Capacitor_SMD'
    Local override; warning
    @(121.8960 mm, 76.5500 mm): Footprint C20
[lib_footprint_issues]: The current configuration does not include the footprint library 'Capacitor_SMD'
    Local override; warning
    @(118.1100 mm, 89.4080 mm): Footprint C14
[lib_footprint_issues]: The current configuration does not include the footprint library 'Resistor_SMD'
    Local override; warning
    @(117.0940 mm, 88.6460 mm): Footprint R12
[lib_footprint_issues]: The current configuration does not include the footprint library 'Resistor_SMD'
    Local override; warning
    @(113.9890 mm, 55.5610 mm): Footprint R3
[lib_footprint_issues]: The current configuration does not include the footprint library 'Resistor_SMD'
    Local override; warning
    @(118.5610 mm, 48.0680 mm): Footprint R97
[lib_footprint_issues]: The current configuration does not include the footprint library 'Resistor_SMD'
    Local override; warning
    @(135.1280 mm, 57.9120 mm): Footprint R26
[lib_footprint_issues]: The current configuration does not include the footprint library 'Button_Switch_SMD'
    Local override; warning
    @(130.3020 mm, 83.5660 mm): Footprint SW1
[lib_footprint_issues]: The current configuration does not include the footprint library 'Diode_SMD'
    Local override; warning
    @(141.0400 mm, 53.9100 mm): Footprint D16
[lib_footprint_issues]: The current configuration does not include the footprint library 'Capacitor_SMD'
    Local override; warning
    @(119.6240 mm, 76.0420 mm): Footprint C16
[lib_footprint_issues]: The current configuration does not include the footprint library 'Resistor_SMD'
    Local override; warning
    @(107.4420 mm, 64.7700 mm): Footprint R9
[lib_footprint_issues]: The current configuration does not include the footprint library 'Resistor_SMD'
    Local override; warning
    @(130.3020 mm, 102.3620 mm): Footprint R13
[lib_footprint_issues]: The current configuration does not include the footprint library 'Button_Switch_SMD'
    Local override; warning
    @(122.9360 mm, 101.0920 mm): Footprint SW3
[lib_footprint_issues]: The current configuration does not include the footprint library 'Button_Switch_SMD'
    Local override; warning
    @(130.4300 mm, 69.2460 mm): Footprint SW2
[lib_footprint_issues]: The current configuration does not include the footprint library 'Resistor_SMD'
    Local override; warning
    @(128.0160 mm, 93.7260 mm): Footprint R22
[lib_footprint_issues]: The current configuration does not include the footprint library 'Resistor_SMD'
    Local override; warning
    @(88.5000 mm, 70.5000 mm): Footprint RN1
[lib_footprint_issues]: The current configuration does not include the footprint library 'Diode_SMD'
    Local override; warning
    @(133.5250 mm, 49.6840 mm): Footprint D4
[lib_footprint_issues]: The current configuration does not include the footprint library 'Package_DFN_QFN'
    Local override; warning
    @(117.3480 mm, 82.2960 mm): Footprint U3
[lib_footprint_issues]: The current configuration does not include the footprint library 'Capacitor_SMD'
    Local override; warning
    @(86.0000 mm, 99.0000 mm): Footprint C33
[lib_footprint_issues]: The current configuration does not include the footprint library 'TestPoint'
    Local override; warning
    @(97.5000 mm, 102.5000 mm): Footprint TP6
[lib_footprint_issues]: The current configuration does not include the footprint library 'Package_TO_SOT_SMD'
    Local override; warning
    @(138.1760 mm, 58.1660 mm): Footprint U5
[lib_footprint_issues]: The current configuration does not include the footprint library 'Resistor_SMD'
    Local override; warning
    @(115.0620 mm, 102.1080 mm): Footprint R19
[lib_footprint_issues]: The current configuration does not include the footprint library 'Resistor_SMD'
    Local override; warning
    @(130.5560 mm, 94.4880 mm): Footprint R17
[lib_footprint_issues]: The current configuration does not include the footprint library 'Capacitor_SMD'
    Local override; warning
    @(110.7440 mm, 68.5800 mm): Footprint C5
[lib_footprint_issues]: The current configuration does not include the footprint library 'Resistor_SMD'
    Local override; warning
    @(88.5000 mm, 90.5000 mm): Footprint R29
[lib_footprint_issues]: The current configuration does not include the footprint library 'Resistor_SMD'
    Local override; warning
    @(115.0620 mm, 98.0440 mm): Footprint R23
[lib_footprint_issues]: The current configuration does not include the footprint library 'Capacitor_SMD'
    Local override; warning
    @(103.4480 mm, 54.5450 mm): Footprint C1
[lib_footprint_issues]: The current configuration does not include the footprint library 'Diode_SMD'
    Local override; warning
    @(146.9700 mm, 53.9270 mm): Footprint D6
[lib_footprint_issues]: The current configuration does not include the footprint library 'Resistor_SMD'
    Local override; warning
    @(130.3020 mm, 78.2320 mm): Footprint R1
[lib_footprint_issues]: The current configuration does not include the footprint library 'Resistor_SMD'
    Local override; warning
    @(118.5610 mm, 46.4820 mm): Footprint R96
[lib_footprint_issues]: The current configuration does not include the footprint library 'Resistor_SMD'
    Local override; warning
    @(88.5000 mm, 75.0000 mm): Footprint RN2
[lib_footprint_issues]: The current configuration does not include the footprint library 'Resistor_SMD'
    Local override; warning
    @(123.4200 mm, 76.5500 mm): Footprint R15
[lib_footprint_issues]: The current configuration does not include the footprint library 'Capacitor_SMD'
    Local override; warning
    @(91.6000 mm, 98.4000 mm): Footprint C32
[lib_footprint_issues]: The current configuration does not include the footprint library 'TestPoint'
    Local override; warning
    @(87.0000 mm, 102.5000 mm): Footprint TP3
[lib_footprint_issues]: The current configuration does not include the footprint library 'Capacitor_SMD'
    Local override; warning
    @(115.5460 mm, 74.4220 mm): Footprint C10
[lib_footprint_issues]: The current configuration does not include the footprint library 'Resistor_SMD'
    Local override; warning
    @(129.7940 mm, 105.7910 mm): Footprint R16
[lib_footprint_issues]: The current configuration does not include the footprint library 'Connector_PinSocket_2.54mm'
    Local override; warning
    @(123.4590 mm, 90.3990 mm): Footprint J3
[lib_footprint_issues]: The current configuration does not include the footprint library 'Connector_PinHeader_2.54mm'
    Local override; warning
    @(113.1000 mm, 50.1000 mm): Footprint JP2
[lib_footprint_issues]: The current configuration does not include the footprint library 'Connector_PinHeader_2.54mm'
    Local override; warning
    @(115.6400 mm, 47.5600 mm): Footprint JP3
[lib_footprint_issues]: The current configuration does not include the footprint library 'Resistor_SMD'
    Local override; warning
    @(91.6000 mm, 96.2000 mm): Footprint R27
[lib_footprint_issues]: The current configuration does not include the footprint library 'Resistor_SMD'
    Local override; warning
    @(131.5720 mm, 49.5300 mm): Footprint R24
[lib_footprint_issues]: The current configuration does not include the footprint library 'Capacitor_SMD'
    Local override; warning
    @(123.6980 mm, 83.6540 mm): Footprint C15
[lib_footprint_issues]: The current configuration does not include the footprint library 'Resistor_SMD'
    Local override; warning
    @(126.4920 mm, 80.7720 mm): Footprint R21
[lib_footprint_issues]: The current configuration does not include the footprint library 'Resistor_SMD'
    Local override; warning
    @(104.7180 mm, 54.5140 mm): Footprint R2
[lib_footprint_issues]: The current configuration does not include the footprint library 'Resistor_SMD'
    Local override; warning
    @(88.5000 mm, 87.0000 mm): Footprint RN3
[lib_footprint_issues]: The current configuration does not include the footprint library 'Resistor_SMD'
    Local override; warning
    @(115.8240 mm, 106.1720 mm): Footprint R20
[lib_footprint_issues]: The current configuration does not include the footprint library 'Capacitor_SMD'
    Local override; warning
    @(117.0940 mm, 63.2460 mm): Footprint C3
[lib_footprint_issues]: The current configuration does not include the footprint library 'Resistor_SMD'
    Local override; warning
    @(107.4420 mm, 61.4680 mm): Footprint R8
[lib_footprint_issues]: The current configuration does not include the footprint library 'Capacitor_SMD'
    Local override; warning
    @(132.0670 mm, 55.5560 mm): Footprint C23
[lib_footprint_issues]: The current configuration does not include the footprint library 'Capacitor_SMD'
    Local override; warning
    @(116.5620 mm, 74.4220 mm): Footprint C19
[lib_footprint_issues]: The current configuration does not include the footprint library 'Package_SO'
    Local override; warning
    @(97.0000 mm, 94.6000 mm): Footprint U8
[lib_footprint_issues]: The current configuration does not include the footprint library 'Resistor_SMD'
    Local override; warning
    @(126.2380 mm, 67.5640 mm): Footprint R6
[lib_footprint_issues]: The current configuration does not include the footprint library 'Package_TO_SOT_SMD'
    Local override; warning
    @(132.2330 mm, 58.4580 mm): Footprint U6
[lib_footprint_issues]: The current configuration does not include the footprint library 'Resistor_SMD'
    Local override; warning
    @(112.8460 mm, 44.5120 mm): Footprint R5
[lib_footprint_issues]: The current configuration does not include the footprint library 'Connector_Pin'
    Local override; warning
    @(123.6980 mm, 40.8940 mm): Footprint TP2
[lib_footprint_issues]: The current configuration does not include the footprint library 'Resistor_SMD'
    Local override; warning
    @(111.8300 mm, 55.8150 mm): Footprint R4
[lib_footprint_issues]: The current configuration does not include the footprint library 'Capacitor_SMD'
    Local override; warning
    @(93.2000 mm, 72.6000 mm): Footprint C31
[lib_footprint_issues]: The current configuration does not include the footprint library 'Capacitor_SMD'
    Local override; warning
    @(116.1480 mm, 45.7820 mm): Footprint C8
[lib_footprint_issues]: The current configuration does not include the footprint library 'Capacitor_SMD'
    Local override; warning
    @(110.4900 mm, 59.6900 mm): Footprint C2
[lib_footprint_issues]: The current configuration does not include the footprint library 'Package_SO'
    Local override; warning
    @(109.7040 mm, 71.9780 mm): Footprint U2
[lib_footprint_issues]: The current configuration does not include the footprint library 'Resistor_SMD'
    Local override; warning
    @(115.0620 mm, 100.3300 mm): Footprint R18
[lib_footprint_issues]: The current configuration does not include the footprint library 'Diode_SMD'
    Local override; warning
    @(136.9060 mm, 51.8160 mm): Footprint D5
[lib_footprint_issues]: The current configuration does not include the footprint library 'Capacitor_SMD'
    Local override; warning
    @(110.5180 mm, 83.6930 mm): Footprint C13
[lib_footprint_issues]: The current configuration does not include the footprint library 'Capacitor_SMD'
    Local override; warning
    @(129.5146 mm, 57.0738 mm): Footprint C27
[lib_footprint_issues]: The current configuration does not include the footprint library 'Package_SO'
    Local override; warning
    @(112.7760 mm, 63.2460 mm): Footprint U1
[lib_footprint_issues]: The current configuration does not include the footprint library 'Connector_Pin'
    Local override; warning
    @(126.8730 mm, 77.7240 mm): Footprint TP1
[lib_footprint_issues]: The current configuration does not include the footprint library 'Diode_SMD'
    Local override; warning
    @(106.7000 mm, 54.6720 mm): Footprint D2
[lib_footprint_issues]: The current configuration does not include the footprint library 'Resistor_SMD'
    Local override; warning
    @(126.4920 mm, 71.1200 mm): Footprint R7
[lib_footprint_issues]: The current configuration does not include the footprint library 'Capacitor_SMD'
    Local override; warning
    @(121.9900 mm, 52.6400 mm): Footprint C25
[lib_footprint_issues]: The current configuration does not include the footprint library 'Crystal'
    Local override; warning
    @(114.8480 mm, 90.2970 mm): Footprint Y1
[lib_footprint_issues]: The current configuration does not include the footprint library 'Capacitor_SMD'
    Local override; warning
    @(119.1260 mm, 88.9000 mm): Footprint C9
[lib_footprint_issues]: The current configuration does not include the footprint library 'Capacitor_SMD'
    Local override; warning
    @(117.0700 mm, 90.7740 mm): Footprint C7
[lib_footprint_issues]: The current configuration does not include the footprint library 'Capacitor_SMD'
    Local override; warning
    @(132.2070 mm, 61.3410 mm): Footprint C26

** Found 4 unconnected pads **
[unconnected_items]: Missing connection between items
    Local override; error
    @(75.0000 mm, 39.0000 mm): Zone [GND] on F.Cu and B.Cu, priority 0
    @(109.7150 mm, 59.6900 mm): Pad 2 [GND] of C2 on F.Cu
[unconnected_items]: Missing connection between items
    Local override; error
    @(122.4000 mm, 63.9000 mm): Track [GND] on B.Cu, length 2.3335 mm
    @(117.0940 mm, 63.7260 mm): Pad 2 [GND] of C3 on F.Cu
[unconnected_items]: Missing connection between items
    Local override; error
    @(128.4500 mm, 86.6500 mm): Track [/nReset] on F.Cu, length 1.7678 mm
    @(119.1480 mm, 85.7335 mm): Pad 26 [/nReset] of U3 on F.Cu
[unconnected_items]: Missing connection between items
    Local override; error
    @(120.7855 mm, 81.6960 mm): Pad 37 [Net-(U3-GPIO25)] of U3 on F.Cu
    @(126.3000 mm, 81.8000 mm): Via [Net-(U3-GPIO25)] on F.Cu - B.Cu

** Found 0 Footprint errors **

** Ignored checks **
    - Footprint has no courtyard defined
    - Track endpoint not centered on via
    - Tuning profile track geometries
    - Footprint doesn't match symbol's footprint filters
    - PTH inside courtyard
    - NPTH inside courtyard

** End of Report **
